=== Fakturownia API Test ===
Token: lRheu7...
Subdomain: wb-partners
Base URL: https://wb-partners.fakturownia.pl/
Seller NIP: 5170455185

Test 1: Listing recent invoices...
OK: API connection OK! Found 3 invoices.
   - 12:  (undefined PLN)
   - 11: Paulina T─Öcza (undefined PLN)
   - 4/01/2026: Jakub Sosnowski (undefined PLN)

Test 2: Creating a test receipt...
node.exe : FAIL: Recei
pt creation failed: 42
2
At line:1 char:1
+ & "C:\Program Files\
nodejs/node.exe" "C:\P
rogram Files\nodejs/no
de_mo ...
+ ~~~~~~~~~~~~~~~~~~~~
~~~~~~~~~~~~~~~~~~~~~~
~~~~~~~~~~~~~~~~~~~~~~
~~~~~
    + CategoryInfo    
          : NotSpeci  
  fied: (FAIL: Rece   
 ipt creation fail    
ed: 422:String) [    ]
, RemoteExceptio    n
    + FullyQualifiedE 
   rrorId : NativeCo  
  mmandError
 
Response: {"code":"err
or","message":"unknown
 attribute 'send_email
' for Invoice."}
